---
source: tests/src/snapshot/tier2.rs
expression: rust
---
mod __tyrus_int_serde {
    use serde::{Deserialize, Deserializer, Serializer};
    pub fn serialize<S: Serializer>(value: &f64, s: S) -> Result<S::Ok, S::Error> {
        s.serialize_i64(*value as i64)
    }
    pub fn deserialize<'de, D: Deserializer<'de>>(d: D) -> Result<f64, D::Error> {
        let v = serde_json::Value::deserialize(d)?;
        v.as_f64().ok_or_else(|| serde::de::Error::custom("expected a number"))
    }
}
#[derive(Default, Debug, Clone, PartialEq, serde::Serialize, serde::Deserialize)]
#[serde(rename_all = "camelCase")]
pub struct UserData {
    #[serde(with = "__tyrus_int_serde")]
    pub id: f64,
    pub name: String,
}
async fn fetch_user(mut id: f64) -> Result<UserData, AppError> {
    let response = reqwest::Client::new()
        .get(format!("https://api.example.com/users/{}", id))
        .send()
        .await?;
    let data = response.json().await?;
    return Ok(data);
}
async fn process_user(mut id: f64) -> Result<String, AppError> {
    let user = fetch_user(id).await?;
    return Ok(user.name);
}
#[derive(Debug)]
pub struct AppError(String);
impl std::fmt::Display for AppError {
    fn fmt(&self, f: &mut std::fmt::Formatter<'_>) -> std::fmt::Result {
        write!(f, "{}", self.0)
    }
}
impl<E> From<E> for AppError
where
    E: std::error::Error + Send + Sync + 'static,
{
    fn from(err: E) -> Self {
        Self(err.to_string())
    }
}
