---
source: tests/src/snapshot/tier4_nestjs.rs
expression: rust
---
// Note: async/await code - formatting skipped for edition compatibility
# [derive (Default , Debug , Clone , PartialEq , serde :: Serialize , serde :: Deserialize)] # [serde (rename_all = "camelCase")] pub struct CreateUserDto { pub name : String , pub email : String }
# [derive (Default , Debug , Clone , PartialEq , serde :: Serialize , serde :: Deserialize)] # [serde (rename_all = "camelCase")] pub struct User { pub id : f64 , pub name : String , pub email : String }
# [derive (Default , Debug , Clone)] struct UsersService { pub users : std :: sync :: Arc < std :: sync :: Mutex < Vec < User > >> }
impl UsersService { pub fn new () -> Self { Self { users : std :: sync :: Arc :: new (std :: sync :: Mutex :: new (vec ! [])) } } pub fn new_di () -> Self { Self { users : std :: sync :: Arc :: new (std :: sync :: Mutex :: new (Default :: default ())) } } pub fn find_all (& self) -> Vec < User > { return self . users . lock () . unwrap_or_else (| e | e . into_inner ()) . clone () ; } pub fn create (& self , dto : CreateUserDto) -> User { let user = User { id : self . users . lock () . unwrap_or_else (| e | e . into_inner ()) . clone () . len () as f64 + 1f64 , name : dto . name , email : dto . email } ; self . users . lock () . unwrap_or_else (| e | e . into_inner ()) . push (user . clone ()) ; return user ; } }
# [derive (Default , Debug , Clone)] struct UsersController { pub users_service : std :: sync :: Arc < UsersService > }
# [axum :: async_trait] impl < S > axum :: extract :: FromRequestParts < S > for UsersController where S : Send + Sync { type Rejection = axum :: http :: StatusCode ; async fn from_request_parts (parts : & mut axum :: http :: request :: Parts , _state : & S) -> Result < Self , Self :: Rejection > { parts . extensions . get :: < std :: sync :: Arc < Self >> () . cloned () . map (| arc | arc . as_ref () . clone ()) . ok_or (axum :: http :: StatusCode :: INTERNAL_SERVER_ERROR) } }
impl UsersController { pub fn new (users_service : std :: sync :: Arc < UsersService >) -> Self { Self { users_service : users_service } } pub fn new_di (users_service : std :: sync :: Arc < UsersService >) -> Self { Self { users_service : users_service } } # [doc = concat ! ("Route: " , "GET" , " " , "/")] pub async fn find_all (self) -> Result < axum :: Json < Vec < User > > , AppError > { return Ok (axum :: Json (self . users_service . clone () . find_all () . into ())) ; } # [doc = concat ! ("Route: " , "POST" , " " , "/")] pub async fn create (self , axum :: Json (dto) : axum :: Json < CreateUserDto >) -> Result < axum :: Json < User > , AppError > { return Ok (axum :: Json (self . users_service . clone () . create (dto) . into ())) ; } pub fn router () -> axum :: Router { axum :: Router :: new () . route ("/users" , axum :: routing :: get (Self :: find_all)) . route ("/users" , axum :: routing :: post (Self :: create)) } }


use axum::{response::{IntoResponse, Response}, http::StatusCode};

#[derive(Debug)]
pub struct AppError(Box<dyn std::error::Error + Send + Sync>);

impl IntoResponse for AppError {
    fn into_response(self) -> Response {
        (
            StatusCode::INTERNAL_SERVER_ERROR,
            self.0.to_string(),
        )
            .into_response()
    }
}

impl<E> From<E> for AppError
where
    E: std::error::Error + Send + Sync + 'static,
{
    fn from(err: E) -> Self {
        Self(Box::new(err))
    }
}

impl std::fmt::Display for AppError {
    fn fmt(&self, f: &mut std::fmt::Formatter<'_>) -> std::fmt::Result {
        write!(f, "{}", self.0)
    }
}
