---
source: tests/src/snapshot/tier1.rs
expression: rust
---
fn greet(mut name: String) -> String {
    return format!("Hello, {}!", name);
}
fn full_name(mut first: String, mut last: String) -> String {
    return format!("{} {}", first, last);
}
fn main() {
    let message = String::from("Hello, World!");
}
