---
source: tests/src/snapshot/tier2.rs
expression: rust
---
mod __tyrus_int_serde {
    use serde::{Deserialize, Deserializer, Serializer};
    pub fn serialize<S: Serializer>(value: &f64, s: S) -> Result<S::Ok, S::Error> {
        s.serialize_i64(*value as i64)
    }
    pub fn deserialize<'de, D: Deserializer<'de>>(d: D) -> Result<f64, D::Error> {
        let v = serde_json::Value::deserialize(d)?;
        v.as_f64().ok_or_else(|| serde::de::Error::custom("expected a number"))
    }
}
#[derive(Default, Debug, Clone, PartialEq, serde::Serialize, serde::Deserialize)]
#[serde(rename_all = "camelCase")]
pub struct User {
    pub name: String,
    pub age: f64,
    pub email: String,
    pub active: bool,
}
#[derive(Default, Debug, Clone, PartialEq, serde::Serialize, serde::Deserialize)]
#[serde(rename_all = "camelCase")]
pub struct Product {
    #[serde(with = "__tyrus_int_serde")]
    pub id: f64,
    pub title: String,
    pub price: f64,
    pub description: Option<String>,
}
#[derive(Default, Debug, Clone, PartialEq, serde::Serialize, serde::Deserialize)]
#[serde(rename_all = "camelCase")]
pub struct ApiResponse {
    pub data: Vec<User>,
    pub total: f64,
    pub success: bool,
}
